// Jest Snapshot v1, https://goo.gl/fbAQLP

exports[`Pruebas en <GifGrid/> debe de mostrar componente correctamente 1`] = `
<Fragment>
  <h3>
     
    mapa
     
  </h3>
  <div
    className="card-grid"
  />
</Fragment>
`;
